// Jest Snapshot v1, https://goo.gl/fbAQLP

exports[`displays chatList item correctly 1`] = `
<View
  className="border-b border-white/30 bg-body-light/20 px-4 py-2 dark:bg-greyBg-dark/20"
>
  <View
    className="flex-row items-center gap-2"
  >
    <View
      accessibilityState={
        {
          "busy": undefined,
          "checked": undefined,
          "disabled": undefined,
          "expanded": undefined,
          "selected": undefined,
        }
      }
      accessibilityValue={
        {
          "max": undefined,
          "min": undefined,
          "now": undefined,
          "text": undefined,
        }
      }
      accessible={true}
      collapsable={false}
      focusable={true}
      onClick={[Function]}
      onResponderGrant={[Function]}
      onResponderMove={[Function]}
      onResponderRelease={[Function]}
      onResponderTerminate={[Function]}
      onResponderTerminationRequest={[Function]}
      onStartShouldSetResponder={[Function]}
      style={
        {
          "opacity": 1,
        }
      }
      testID="back-icon"
    >
      <Text
        allowFontScaling={false}
        selectable={false}
        style={
          [
            {
              "color": "#000000",
              "fontSize": 14,
            },
            undefined,
            {
              "fontFamily": "FontAwesome",
              "fontStyle": "normal",
              "fontWeight": "normal",
            },
            {},
          ]
        }
      >
        
      </Text>
    </View>
    <View
      className=" flex-1 flex-row items-center justify-between "
    >
      <View>
        <Image
          className="mr-3 h-10 w-10 rounded-full"
          source={
            {
              "testUri": "../../../assets/images/Girl.png",
            }
          }
        />
        <View>
          <Text
            className="text-lg font-semibold text-title-light dark:text-title-dark"
          />
          <View
            className="mt-0.5 flex-row items-center text-greyText-light dark:text-greyText-dark"
          >
            <Text
              className="text-xs text-greyText-light dark:text-greyText-dark"
            >
              Offline
            </Text>
          </View>
        </View>
      </View>
      <View
        accessibilityState={
          {
            "busy": undefined,
            "checked": undefined,
            "disabled": undefined,
            "expanded": undefined,
            "selected": undefined,
          }
        }
        accessibilityValue={
          {
            "max": undefined,
            "min": undefined,
            "now": undefined,
            "text": undefined,
          }
        }
        accessible={true}
        collapsable={false}
        focusable={true}
        onClick={[Function]}
        onResponderGrant={[Function]}
        onResponderMove={[Function]}
        onResponderRelease={[Function]}
        onResponderTerminate={[Function]}
        onResponderTerminationRequest={[Function]}
        onStartShouldSetResponder={[Function]}
        style={
          {
            "opacity": 1,
          }
        }
        testID="search-icon"
      >
        <Text
          allowFontScaling={false}
          selectable={false}
          style={
            [
              {
                "color": "white",
                "fontSize": 24,
              },
              undefined,
              {
                "fontFamily": "ionicons",
                "fontStyle": "normal",
                "fontWeight": "normal",
              },
              {},
            ]
          }
        >
          
        </Text>
      </View>
    </View>
  </View>
</View>
`;
